I'm sorry, but errors were detected in your script. Please correct the
errors listed below, and try again.


File "game/script.rpy", line 63: expected expression
    define sad = 
                 ^

Ren'Py Version: Ren'Py 8.3.2.24090902
Sat Dec 14 18:07:05 2024
